// Jest Snapshot v1, https://goo.gl/fbAQLP

exports[`renders title calculator 1`] = `
<h1>
  Calculadora
</h1>
`;
